<?xml version='1.0' encoding='UTF-8'?>
<caom2:Observation xmlns:caom2="http://www.opencadc.org/caom2/xml/v2.3" xmlns:xsi="http://www.w3.org/2001/XMLSchema-instance" xsi:type="caom2:SimpleObservation" caom2:id="934be2d3-22c8-3333-98e9-951acfaf5a39">
  <caom2:collection>NEOSSAT</caom2:collection>
  <caom2:observationID>2015347015200</caom2:observationID>
  <caom2:metaRelease>2015-12-13T01:52:00.055</caom2:metaRelease>
  <caom2:algorithm>
    <caom2:name>exposure</caom2:name>
  </caom2:algorithm>
  <caom2:type>object</caom2:type>
  <caom2:intent>science</caom2:intent>
  <caom2:telescope>
    <caom2:name>NEOSSat</caom2:name>
  </caom2:telescope>
  <caom2:instrument>
    <caom2:name>NEOSSat_Science</caom2:name>
    <caom2:keywords>
      <caom2:keyword>16-FINE_POINT</caom2:keyword>
    </caom2:keywords>
  </caom2:instrument>
  <caom2:planes>
    <caom2:plane caom2:id="185ad007-f140-4eed-94ef-75cf32460de2">
      <caom2:productID>clean</caom2:productID>
      <caom2:metaRelease>2015-12-13T01:52:00.055</caom2:metaRelease>
      <caom2:dataRelease>2015-12-13T01:52:00.055</caom2:dataRelease>
      <caom2:dataProductType>image</caom2:dataProductType>
      <caom2:calibrationLevel>2</caom2:calibrationLevel>
      <caom2:provenance>
        <caom2:name>JNEOFITS 1.08</caom2:name>
        <caom2:producer>NEOSSat</caom2:producer>
      </caom2:provenance>
      <caom2:artifacts>
        <caom2:artifact caom2:id="ca6dd432-e2e6-4b06-8a8b-6f53a424b743">
          <caom2:uri>ad:NEOSS/NEOS_SCI_2015347015200_clean.fits</caom2:uri>
          <caom2:productType>science</caom2:productType>
          <caom2:releaseType>data</caom2:releaseType>
          <caom2:contentType>application/fits</caom2:contentType>
          <caom2:parts>
            <caom2:part caom2:id="693e888c-8e32-48e2-b6b6-57f218a5ab04">
              <caom2:name>0</caom2:name>
              <caom2:productType>science</caom2:productType>
              <caom2:chunks>
                <caom2:chunk caom2:id="4e40c66e-a7bb-4719-ae9e-d53a861044dd">
                  <caom2:productType>science</caom2:productType>
                  <caom2:naxis>2</caom2:naxis>
                  <caom2:positionAxis1>1</caom2:positionAxis1>
                  <caom2:positionAxis2>2</caom2:positionAxis2>
                  <caom2:position>
                    <caom2:axis>
                      <caom2:axis1>
                        <caom2:ctype>RA---TAN</caom2:ctype>
                        <caom2:cunit>deg</caom2:cunit>
                      </caom2:axis1>
                      <caom2:axis2>
                        <caom2:ctype>DEC--TAN</caom2:ctype>
                        <caom2:cunit>deg</caom2:cunit>
                      </caom2:axis2>
                      <caom2:function>
                        <caom2:dimension>
                          <caom2:naxis1>1088</caom2:naxis1>
                          <caom2:naxis2>1030</caom2:naxis2>
                        </caom2:dimension>
                        <caom2:refCoord>
                          <caom2:coord1>
                            <caom2:pix>544.0</caom2:pix>
                            <caom2:val>356.52374999999995</caom2:val>
                          </caom2:coord1>
                          <caom2:coord2>
                            <caom2:pix>515.0</caom2:pix>
                            <caom2:val>-26.250333333333334</caom2:val>
                          </caom2:coord2>
                        </caom2:refCoord>
                        <caom2:cd11>-0.0007123072413519171</caom2:cd11>
                        <caom2:cd12>0.0004325076165364793</caom2:cd12>
                        <caom2:cd21>-0.0004325076165364793</caom2:cd21>
                        <caom2:cd22>-0.0007123072413519171</caom2:cd22>
                      </caom2:function>
                    </caom2:axis>
                    <caom2:coordsys>FK5</caom2:coordsys>
                    <caom2:equinox>2000.0</caom2:equinox>
                  </caom2:position>
                  <caom2:energy>
                    <caom2:axis>
                      <caom2:axis>
                        <caom2:ctype>WAVE</caom2:ctype>
                        <caom2:cunit>um</caom2:cunit>
                      </caom2:axis>
                      <caom2:range>
                        <caom2:start>
                          <caom2:pix>0.5</caom2:pix>
                          <caom2:val>0.4</caom2:val>
                        </caom2:start>
                        <caom2:end>
                          <caom2:pix>1.5</caom2:pix>
                          <caom2:val>0.9</caom2:val>
                        </caom2:end>
                      </caom2:range>
                    </caom2:axis>
                    <caom2:specsys>TOPOCENT</caom2:specsys>
                    <caom2:ssysobs>TOPOCENT</caom2:ssysobs>
                    <caom2:ssyssrc>TOPOCENT</caom2:ssyssrc>
                    <caom2:bandpassName>CLEAR</caom2:bandpassName>
                    <caom2:resolvingPower>1.2</caom2:resolvingPower>
                  </caom2:energy>
                  <caom2:time>
                    <caom2:axis>
                      <caom2:axis>
                        <caom2:ctype>TIME</caom2:ctype>
                        <caom2:cunit>d</caom2:cunit>
                      </caom2:axis>
                      <caom2:function>
                        <caom2:naxis>1</caom2:naxis>
                        <caom2:delta>0.001157685185185185</caom2:delta>
                        <caom2:refCoord>
                          <caom2:pix>0.5</caom2:pix>
                          <caom2:val>57369.07777841435</caom2:val>
                        </caom2:refCoord>
                      </caom2:function>
                    </caom2:axis>
                    <caom2:timesys>UTC</caom2:timesys>
                    <caom2:exposure>100.024</caom2:exposure>
                  </caom2:time>
                </caom2:chunk>
              </caom2:chunks>
            </caom2:part>
          </caom2:parts>
        </caom2:artifact>
      </caom2:artifacts>
    </caom2:plane>
  </caom2:planes>
</caom2:Observation>
