<?xml version='1.0' encoding='UTF-8'?>
<caom2:Observation xmlns:caom2="http://www.opencadc.org/caom2/xml/v2.3" xmlns:xsi="http://www.w3.org/2001/XMLSchema-instance" xsi:type="caom2:SimpleObservation" caom2:id="934be2d3-22c8-447f-98e9-951acfaf5008">
  <caom2:collection>NEOSSAT</caom2:collection>
  <caom2:observationID>2019213173800</caom2:observationID>
  <caom2:metaRelease>2019-08-01T17:38:00.061</caom2:metaRelease>
  <caom2:algorithm>
    <caom2:name>exposure</caom2:name>
  </caom2:algorithm>
  <caom2:type>object</caom2:type>
  <caom2:intent>calibration</caom2:intent>
  <caom2:telescope>
    <caom2:name>NEOSSat</caom2:name>
  </caom2:telescope>
  <caom2:instrument>
    <caom2:name>NEOSSat_Science</caom2:name>
    <caom2:keywords>
      <caom2:keyword>14-FINE_SETTLE</caom2:keyword>
    </caom2:keywords>
  </caom2:instrument>
  <caom2:planes>
    <caom2:plane caom2:id="f4a63b29-bba2-4118-b23a-e02abbb10057">
      <caom2:productID>raw</caom2:productID>
      <caom2:metaRelease>2019-08-01T17:38:00.061</caom2:metaRelease>
      <caom2:dataRelease>2019-08-01T17:38:00.061</caom2:dataRelease>
      <caom2:dataProductType>image</caom2:dataProductType>
      <caom2:calibrationLevel>1</caom2:calibrationLevel>
      <caom2:provenance>
        <caom2:name>JNEOFITS 2.07</caom2:name>
        <caom2:producer>NEOSSat</caom2:producer>
      </caom2:provenance>
      <caom2:artifacts>
        <caom2:artifact caom2:id="f8976249-9739-4653-947c-07d3bb491f13">
          <caom2:uri>ad:NEOSS/NEOS_SCI_2019213173800.fits</caom2:uri>
          <caom2:productType>calibration</caom2:productType>
          <caom2:releaseType>data</caom2:releaseType>
          <caom2:contentType>application/fits</caom2:contentType>
          <caom2:parts>
            <caom2:part caom2:id="79be9c91-e7d9-477f-91c3-0ef5c9791a11">
              <caom2:name>0</caom2:name>
              <caom2:productType>calibration</caom2:productType>
              <caom2:chunks>
                <caom2:chunk caom2:id="657ed82e-484d-4a77-9fc5-51ecf9ca0dac">
                  <caom2:productType>calibration</caom2:productType>
                  <caom2:naxis>2</caom2:naxis>
                  <caom2:positionAxis1>1</caom2:positionAxis1>
                  <caom2:positionAxis2>2</caom2:positionAxis2>
                  <caom2:position>
                    <caom2:axis>
                      <caom2:axis1>
                        <caom2:ctype>RA---TAN</caom2:ctype>
                        <caom2:cunit>deg</caom2:cunit>
                      </caom2:axis1>
                      <caom2:axis2>
                        <caom2:ctype>DEC--TAN</caom2:ctype>
                        <caom2:cunit>deg</caom2:cunit>
                      </caom2:axis2>
                      <caom2:function>
                        <caom2:dimension>
                          <caom2:naxis1>512</caom2:naxis1>
                          <caom2:naxis2>512</caom2:naxis2>
                        </caom2:dimension>
                        <caom2:refCoord>
                          <caom2:coord1>
                            <caom2:pix>256.0</caom2:pix>
                            <caom2:val>343.36458333333326</caom2:val>
                          </caom2:coord1>
                          <caom2:coord2>
                            <caom2:pix>256.0</caom2:pix>
                            <caom2:val>-30.077111111111112</caom2:val>
                          </caom2:coord2>
                        </caom2:refCoord>
                        <caom2:cd11>0.0008174874800280594</caom2:cd11>
                        <caom2:cd12>-0.00016173640419465778</caom2:cd12>
                        <caom2:cd21>0.00016173640419465778</caom2:cd21>
                        <caom2:cd22>0.0008174874800280594</caom2:cd22>
                      </caom2:function>
                    </caom2:axis>
                    <caom2:coordsys>FK5</caom2:coordsys>
                    <caom2:equinox>2000.0</caom2:equinox>
                  </caom2:position>
                  <caom2:energy>
                    <caom2:axis>
                      <caom2:axis>
                        <caom2:ctype>WAVE</caom2:ctype>
                        <caom2:cunit>um</caom2:cunit>
                      </caom2:axis>
                      <caom2:range>
                        <caom2:start>
                          <caom2:pix>0.5</caom2:pix>
                          <caom2:val>0.4</caom2:val>
                        </caom2:start>
                        <caom2:end>
                          <caom2:pix>1.5</caom2:pix>
                          <caom2:val>0.9</caom2:val>
                        </caom2:end>
                      </caom2:range>
                    </caom2:axis>
                    <caom2:specsys>TOPOCENT</caom2:specsys>
                    <caom2:ssysobs>TOPOCENT</caom2:ssysobs>
                    <caom2:ssyssrc>TOPOCENT</caom2:ssyssrc>
                    <caom2:bandpassName>CLEAR</caom2:bandpassName>
                    <caom2:resolvingPower>1.2</caom2:resolvingPower>
                  </caom2:energy>
                  <caom2:time>
                    <caom2:axis>
                      <caom2:axis>
                        <caom2:ctype>TIME</caom2:ctype>
                        <caom2:cunit>d</caom2:cunit>
                      </caom2:axis>
                      <caom2:function>
                        <caom2:naxis>1</caom2:naxis>
                        <caom2:delta>0.000463076388888888</caom2:delta>
                        <caom2:refCoord>
                          <caom2:pix>0.5</caom2:pix>
                          <caom2:val>58696.73472292824</caom2:val>
                        </caom2:refCoord>
                      </caom2:function>
                    </caom2:axis>
                    <caom2:timesys>UTC</caom2:timesys>
                    <caom2:exposure>40.0098</caom2:exposure>
                  </caom2:time>
                </caom2:chunk>
              </caom2:chunks>
            </caom2:part>
          </caom2:parts>
        </caom2:artifact>
      </caom2:artifacts>
    </caom2:plane>
    <caom2:plane caom2:id="786aa228-d56e-4c70-ab3f-47e617c2d2ea">
      <caom2:productID>cor</caom2:productID>
      <caom2:metaRelease>2019-08-01T17:38:00.061</caom2:metaRelease>
      <caom2:dataRelease>2019-08-01T17:38:00.061</caom2:dataRelease>
      <caom2:dataProductType>image</caom2:dataProductType>
      <caom2:calibrationLevel>2</caom2:calibrationLevel>
      <caom2:provenance>
        <caom2:name>JNEOFITS 2.08</caom2:name>
        <caom2:producer>NEOSSat</caom2:producer>
      </caom2:provenance>
      <caom2:artifacts>
        <caom2:artifact caom2:id="5c23d82c-0b82-4331-9ae4-1a0eaac955d9">
          <caom2:uri>ad:NEOSS/NEOS_SCI_2019213173800_cor.fits</caom2:uri>
          <caom2:productType>calibration</caom2:productType>
          <caom2:releaseType>data</caom2:releaseType>
          <caom2:contentType>application/fits</caom2:contentType>
          <caom2:parts>
            <caom2:part caom2:id="3219def4-aa05-47e2-b72e-b4929a09c578">
              <caom2:name>0</caom2:name>
              <caom2:productType>calibration</caom2:productType>
              <caom2:chunks>
                <caom2:chunk caom2:id="8bc243e1-3c24-4648-a65c-584e12ac44df">
                  <caom2:productType>calibration</caom2:productType>
                  <caom2:naxis>2</caom2:naxis>
                  <caom2:positionAxis1>1</caom2:positionAxis1>
                  <caom2:positionAxis2>2</caom2:positionAxis2>
                  <caom2:position>
                    <caom2:axis>
                      <caom2:axis1>
                        <caom2:ctype>RA---TAN</caom2:ctype>
                        <caom2:cunit>deg</caom2:cunit>
                      </caom2:axis1>
                      <caom2:axis2>
                        <caom2:ctype>DEC--TAN</caom2:ctype>
                        <caom2:cunit>deg</caom2:cunit>
                      </caom2:axis2>
                      <caom2:function>
                        <caom2:dimension>
                          <caom2:naxis1>512</caom2:naxis1>
                          <caom2:naxis2>512</caom2:naxis2>
                        </caom2:dimension>
                        <caom2:refCoord>
                          <caom2:coord1>
                            <caom2:pix>256.0</caom2:pix>
                            <caom2:val>343.36458333333326</caom2:val>
                          </caom2:coord1>
                          <caom2:coord2>
                            <caom2:pix>256.0</caom2:pix>
                            <caom2:val>-30.077111111111112</caom2:val>
                          </caom2:coord2>
                        </caom2:refCoord>
                        <caom2:cd11>0.0008174874800280594</caom2:cd11>
                        <caom2:cd12>-0.00016173640419465778</caom2:cd12>
                        <caom2:cd21>0.00016173640419465778</caom2:cd21>
                        <caom2:cd22>0.0008174874800280594</caom2:cd22>
                      </caom2:function>
                    </caom2:axis>
                    <caom2:coordsys>FK5</caom2:coordsys>
                    <caom2:equinox>2000.0</caom2:equinox>
                  </caom2:position>
                  <caom2:energy>
                    <caom2:axis>
                      <caom2:axis>
                        <caom2:ctype>WAVE</caom2:ctype>
                        <caom2:cunit>um</caom2:cunit>
                      </caom2:axis>
                      <caom2:range>
                        <caom2:start>
                          <caom2:pix>0.5</caom2:pix>
                          <caom2:val>0.4</caom2:val>
                        </caom2:start>
                        <caom2:end>
                          <caom2:pix>1.5</caom2:pix>
                          <caom2:val>0.9</caom2:val>
                        </caom2:end>
                      </caom2:range>
                    </caom2:axis>
                    <caom2:specsys>TOPOCENT</caom2:specsys>
                    <caom2:ssysobs>TOPOCENT</caom2:ssysobs>
                    <caom2:ssyssrc>TOPOCENT</caom2:ssyssrc>
                    <caom2:bandpassName>CLEAR</caom2:bandpassName>
                    <caom2:resolvingPower>1.2</caom2:resolvingPower>
                  </caom2:energy>
                  <caom2:time>
                    <caom2:axis>
                      <caom2:axis>
                        <caom2:ctype>TIME</caom2:ctype>
                        <caom2:cunit>d</caom2:cunit>
                      </caom2:axis>
                      <caom2:function>
                        <caom2:naxis>1</caom2:naxis>
                        <caom2:delta>0.000463076388888888</caom2:delta>
                        <caom2:refCoord>
                          <caom2:pix>0.5</caom2:pix>
                          <caom2:val>58696.73472292824</caom2:val>
                        </caom2:refCoord>
                      </caom2:function>
                    </caom2:axis>
                    <caom2:timesys>UTC</caom2:timesys>
                    <caom2:exposure>40.0098</caom2:exposure>
                  </caom2:time>
                </caom2:chunk>
              </caom2:chunks>
            </caom2:part>
          </caom2:parts>
        </caom2:artifact>
      </caom2:artifacts>
    </caom2:plane>
    <caom2:plane caom2:id="64b399bc-3458-4437-b76c-a2b97af186c5">
      <caom2:productID>cord</caom2:productID>
      <caom2:metaRelease>2019-08-01T17:38:00.061</caom2:metaRelease>
      <caom2:dataRelease>2019-08-01T17:38:00.061</caom2:dataRelease>
      <caom2:dataProductType>image</caom2:dataProductType>
      <caom2:calibrationLevel>2</caom2:calibrationLevel>
      <caom2:provenance>
        <caom2:name>JNEOFITS 2.08</caom2:name>
        <caom2:producer>NEOSSat</caom2:producer>
      </caom2:provenance>
      <caom2:artifacts>
        <caom2:artifact caom2:id="022dfd2b-1597-463b-a03f-95b915cd35a4">
          <caom2:uri>ad:NEOSS/NEOS_SCI_2019213173800_cord.fits</caom2:uri>
          <caom2:productType>calibration</caom2:productType>
          <caom2:releaseType>data</caom2:releaseType>
          <caom2:contentType>application/fits</caom2:contentType>
          <caom2:parts>
            <caom2:part caom2:id="66aa6267-079e-4d93-a0a8-21d784abc128">
              <caom2:name>0</caom2:name>
              <caom2:productType>calibration</caom2:productType>
              <caom2:chunks>
                <caom2:chunk caom2:id="2689e5b3-fe95-4acf-b8b9-7739677c83a0">
                  <caom2:productType>calibration</caom2:productType>
                  <caom2:naxis>2</caom2:naxis>
                  <caom2:positionAxis1>1</caom2:positionAxis1>
                  <caom2:positionAxis2>2</caom2:positionAxis2>
                  <caom2:position>
                    <caom2:axis>
                      <caom2:axis1>
                        <caom2:ctype>RA---TAN</caom2:ctype>
                        <caom2:cunit>deg</caom2:cunit>
                      </caom2:axis1>
                      <caom2:axis2>
                        <caom2:ctype>DEC--TAN</caom2:ctype>
                        <caom2:cunit>deg</caom2:cunit>
                      </caom2:axis2>
                      <caom2:function>
                        <caom2:dimension>
                          <caom2:naxis1>512</caom2:naxis1>
                          <caom2:naxis2>512</caom2:naxis2>
                        </caom2:dimension>
                        <caom2:refCoord>
                          <caom2:coord1>
                            <caom2:pix>256.0</caom2:pix>
                            <caom2:val>343.36458333333326</caom2:val>
                          </caom2:coord1>
                          <caom2:coord2>
                            <caom2:pix>256.0</caom2:pix>
                            <caom2:val>-30.077111111111112</caom2:val>
                          </caom2:coord2>
                        </caom2:refCoord>
                        <caom2:cd11>0.0008174874800280594</caom2:cd11>
                        <caom2:cd12>-0.00016173640419465778</caom2:cd12>
                        <caom2:cd21>0.00016173640419465778</caom2:cd21>
                        <caom2:cd22>0.0008174874800280594</caom2:cd22>
                      </caom2:function>
                    </caom2:axis>
                    <caom2:coordsys>FK5</caom2:coordsys>
                    <caom2:equinox>2000.0</caom2:equinox>
                  </caom2:position>
                  <caom2:energy>
                    <caom2:axis>
                      <caom2:axis>
                        <caom2:ctype>WAVE</caom2:ctype>
                        <caom2:cunit>um</caom2:cunit>
                      </caom2:axis>
                      <caom2:range>
                        <caom2:start>
                          <caom2:pix>0.5</caom2:pix>
                          <caom2:val>0.4</caom2:val>
                        </caom2:start>
                        <caom2:end>
                          <caom2:pix>1.5</caom2:pix>
                          <caom2:val>0.9</caom2:val>
                        </caom2:end>
                      </caom2:range>
                    </caom2:axis>
                    <caom2:specsys>TOPOCENT</caom2:specsys>
                    <caom2:ssysobs>TOPOCENT</caom2:ssysobs>
                    <caom2:ssyssrc>TOPOCENT</caom2:ssyssrc>
                    <caom2:bandpassName>CLEAR</caom2:bandpassName>
                    <caom2:resolvingPower>1.2</caom2:resolvingPower>
                  </caom2:energy>
                  <caom2:time>
                    <caom2:axis>
                      <caom2:axis>
                        <caom2:ctype>TIME</caom2:ctype>
                        <caom2:cunit>d</caom2:cunit>
                      </caom2:axis>
                      <caom2:function>
                        <caom2:naxis>1</caom2:naxis>
                        <caom2:delta>0.000463076388888888</caom2:delta>
                        <caom2:refCoord>
                          <caom2:pix>0.5</caom2:pix>
                          <caom2:val>58696.73472292824</caom2:val>
                        </caom2:refCoord>
                      </caom2:function>
                    </caom2:axis>
                    <caom2:timesys>UTC</caom2:timesys>
                    <caom2:exposure>40.0098</caom2:exposure>
                  </caom2:time>
                </caom2:chunk>
              </caom2:chunks>
            </caom2:part>
          </caom2:parts>
        </caom2:artifact>
      </caom2:artifacts>
    </caom2:plane>
  </caom2:planes>
</caom2:Observation>
