<?xml version='1.0' encoding='UTF-8'?>
<caom2:Observation xmlns:caom2="http://www.opencadc.org/caom2/xml/v2.4" xmlns:xsi="http://www.w3.org/2001/XMLSchema-instance" xsi:type="caom2:SimpleObservation" caom2:id="7a8b0ac7-f9a7-4e98-b5bb-152e939c9157" caom2:lastModified="2020-09-12T01:19:50.108" caom2:maxLastModified="2020-09-12T01:20:28.776" caom2:metaChecksum="md5:7b397603df4319c78c8bc29580e8994d" caom2:accMetaChecksum="md5:d145f0b81c5c4640d3ac517a65d1cebd">
  <caom2:collection>NEOSSAT</caom2:collection>
  <caom2:observationID>2020255152013</caom2:observationID>
  <caom2:metaRelease>2020-09-11T15:20:13.258</caom2:metaRelease>
  <caom2:algorithm>
    <caom2:name>exposure</caom2:name>
  </caom2:algorithm>
  <caom2:type>object</caom2:type>
  <caom2:intent>science</caom2:intent>
  <caom2:proposal>
    <caom2:id>C2P001</caom2:id>
    <caom2:pi>D.BALAM</caom2:pi>
    <caom2:title>MORPHOLOGY_AND_ASTROMETRY_OF_NEAR-SUN_COMETS_AND_UNUSUAL_ASTEROIDS</caom2:title>
  </caom2:proposal>
  <caom2:target>
    <caom2:name>2020-P4-C</caom2:name>
    <caom2:type>object</caom2:type>
    <caom2:moving>false</caom2:moving>
  </caom2:target>
  <caom2:telescope>
    <caom2:name>NEOSSat</caom2:name>
  </caom2:telescope>
  <caom2:instrument>
    <caom2:name>NEOSSat_Science</caom2:name>
    <caom2:keywords>
      <caom2:keyword>16-FINE_POINT</caom2:keyword>
    </caom2:keywords>
  </caom2:instrument>
  <caom2:planes>
    <caom2:plane caom2:id="e2dce860-247c-499e-87b3-dc8379f394a5" caom2:lastModified="2020-09-12T01:20:23.217" caom2:maxLastModified="2020-09-12T01:20:28.776" caom2:metaChecksum="md5:f25a67f269b7cfb7c79ac5c4525fbc04" caom2:accMetaChecksum="md5:8ec3864516c1828e6c50f119502d658e">
      <caom2:productID>clean</caom2:productID>
      <caom2:metaRelease>2020-09-11T15:20:13.258</caom2:metaRelease>
      <caom2:dataRelease>2020-09-11T15:20:13.258</caom2:dataRelease>
      <caom2:dataProductType>image</caom2:dataProductType>
      <caom2:calibrationLevel>2</caom2:calibrationLevel>
      <caom2:provenance>
        <caom2:name>JNEOFITS</caom2:name>
        <caom2:version>3.02</caom2:version>
        <caom2:producer>NEOSSat</caom2:producer>
        <caom2:runID>2020-09-12T00:09:22</caom2:runID>
      </caom2:provenance>
      <caom2:artifacts>
        <caom2:artifact caom2:id="74c26a56-463b-4679-9ed3-8e9b178b3cda" caom2:lastModified="2020-09-12T01:20:23.217" caom2:maxLastModified="2020-09-12T01:20:23.217" caom2:metaChecksum="md5:fa077f83122e6d9ca24a39f8f7a5fb0d" caom2:accMetaChecksum="md5:a4cb68881b11a171caa5c5f4083b078b">
          <caom2:uri>cadc:NEOSSAT/NEOS_SCI_2020255152013_clean.fits</caom2:uri>
          <caom2:productType>science</caom2:productType>
          <caom2:releaseType>data</caom2:releaseType>
          <caom2:contentType>application/fits</caom2:contentType>
          <caom2:contentLength>185570</caom2:contentLength>
          <caom2:parts>
            <caom2:part caom2:id="0e434187-58ec-44a0-94a8-1797d73ac64f" caom2:lastModified="2020-09-12T01:20:23.217" caom2:maxLastModified="2020-09-12T01:20:23.217" caom2:metaChecksum="md5:b80a1ee468c4873d3cd6ce5189936009" caom2:accMetaChecksum="md5:c5994d24b914ca69504809d989271418">
              <caom2:name>0</caom2:name>
              <caom2:productType>science</caom2:productType>
              <caom2:chunks>
                <caom2:chunk caom2:id="c87b2ca8-f9cf-45c2-8285-310c472b2022" caom2:lastModified="2020-09-12T01:20:23.217" caom2:maxLastModified="2020-09-12T01:20:23.217" caom2:metaChecksum="md5:1c26d00f085482b6869701efb5c9a63b" caom2:accMetaChecksum="md5:29f9dd229c4650d43d63c41855f1fbf3">
                  <caom2:productType>science</caom2:productType>
                  <caom2:naxis>2</caom2:naxis>
                  <caom2:positionAxis1>1</caom2:positionAxis1>
                  <caom2:positionAxis2>2</caom2:positionAxis2>
                  <caom2:position>
                    <caom2:axis>
                      <caom2:axis1>
                        <caom2:ctype>RA---TAN</caom2:ctype>
                        <caom2:cunit>deg</caom2:cunit>
                      </caom2:axis1>
                      <caom2:axis2>
                        <caom2:ctype>DEC--TAN</caom2:ctype>
                        <caom2:cunit>deg</caom2:cunit>
                      </caom2:axis2>
                      <caom2:function>
                        <caom2:dimension>
                          <caom2:naxis1>1078</caom2:naxis1>
                          <caom2:naxis2>1020</caom2:naxis2>
                        </caom2:dimension>
                        <caom2:refCoord>
                          <caom2:coord1>
                            <caom2:pix>539.0</caom2:pix>
                            <caom2:val>124.58708333333334</caom2:val>
                          </caom2:coord1>
                          <caom2:coord2>
                            <caom2:pix>510.0</caom2:pix>
                            <caom2:val>-7.537194444444444</caom2:val>
                          </caom2:coord2>
                        </caom2:refCoord>
                        <caom2:cd11>0.0007612816697090899</caom2:cd11>
                        <caom2:cd12>-0.0003389611538353397</caom2:cd12>
                        <caom2:cd21>0.0003389611538353397</caom2:cd21>
                        <caom2:cd22>0.0007612816697090899</caom2:cd22>
                      </caom2:function>
                    </caom2:axis>
                    <caom2:coordsys>FK5</caom2:coordsys>
                    <caom2:equinox>2000.0</caom2:equinox>
                  </caom2:position>
                  <caom2:energy>
                    <caom2:axis>
                      <caom2:axis>
                        <caom2:ctype>WAVE</caom2:ctype>
                        <caom2:cunit>um</caom2:cunit>
                      </caom2:axis>
                      <caom2:range>
                        <caom2:start>
                          <caom2:pix>0.5</caom2:pix>
                          <caom2:val>0.4</caom2:val>
                        </caom2:start>
                        <caom2:end>
                          <caom2:pix>1.5</caom2:pix>
                          <caom2:val>0.9</caom2:val>
                        </caom2:end>
                      </caom2:range>
                    </caom2:axis>
                    <caom2:specsys>TOPOCENT</caom2:specsys>
                    <caom2:ssysobs>TOPOCENT</caom2:ssysobs>
                    <caom2:ssyssrc>TOPOCENT</caom2:ssyssrc>
                    <caom2:bandpassName>CLEAR</caom2:bandpassName>
                    <caom2:resolvingPower>1.2</caom2:resolvingPower>
                  </caom2:energy>
                  <caom2:time>
                    <caom2:axis>
                      <caom2:axis>
                        <caom2:ctype>TIME</caom2:ctype>
                        <caom2:cunit>d</caom2:cunit>
                      </caom2:axis>
                      <caom2:function>
                        <caom2:naxis>1</caom2:naxis>
                        <caom2:delta>0.001481841435185185</caom2:delta>
                        <caom2:refCoord>
                          <caom2:pix>0.5</caom2:pix>
                          <caom2:val>59103.63904233796</caom2:val>
                        </caom2:refCoord>
                      </caom2:function>
                    </caom2:axis>
                    <caom2:timesys>UTC</caom2:timesys>
                    <caom2:exposure>128.0311</caom2:exposure>
                  </caom2:time>
                </caom2:chunk>
              </caom2:chunks>
            </caom2:part>
            <caom2:part caom2:id="ce116cc2-aae8-47c3-b918-247fd5d91488" caom2:lastModified="2020-09-12T01:20:23.217" caom2:maxLastModified="2020-09-12T01:20:23.217" caom2:metaChecksum="md5:12a541ae54b448fe756b319336476cf6" caom2:accMetaChecksum="md5:e2eb7d0bc6c3e6b2c94001dcbe64ac31">
              <caom2:name>ACS_History</caom2:name>
              <caom2:productType>auxiliary</caom2:productType>
              <caom2:chunks/>
            </caom2:part>
            <caom2:part caom2:id="ffdcc019-5b15-4f15-a8c3-3b19a92b92da" caom2:lastModified="2020-09-12T01:20:23.217" caom2:maxLastModified="2020-09-12T01:20:23.217" caom2:metaChecksum="md5:7b05ed7c7a7d428cb96417214eae59cd" caom2:accMetaChecksum="md5:508b8d2cd5c1f7adab3283d655b82e15">
              <caom2:name>CCD_History</caom2:name>
              <caom2:productType>auxiliary</caom2:productType>
              <caom2:chunks/>
            </caom2:part>
            <caom2:part caom2:id="5ed26b72-5eda-440e-b0ca-d6c6447b4213" caom2:lastModified="2020-09-12T01:20:23.217" caom2:maxLastModified="2020-09-12T01:20:23.217" caom2:metaChecksum="md5:9a6b85172d2f600600d2d7ffdde8b193" caom2:accMetaChecksum="md5:92b15e7df2a0ba915ea641ea9a6048d7">
              <caom2:name>Image_RDList</caom2:name>
              <caom2:productType>auxiliary</caom2:productType>
              <caom2:chunks/>
            </caom2:part>
            <caom2:part caom2:id="388a8b49-f20d-43c7-a623-20d8ddc86a87" caom2:lastModified="2020-09-12T01:20:23.217" caom2:maxLastModified="2020-09-12T01:20:23.217" caom2:metaChecksum="md5:ed68e8da5125396548c3c5e17cb616a7" caom2:accMetaChecksum="md5:3cd87cb17def4210ebb48a1fe64c3109">
              <caom2:name>RawTlm</caom2:name>
              <caom2:productType>auxiliary</caom2:productType>
              <caom2:chunks/>
            </caom2:part>
            <caom2:part caom2:id="f0cfddf2-5843-44d6-bbe5-ff256f74c5ee" caom2:lastModified="2020-09-12T01:20:23.217" caom2:maxLastModified="2020-09-12T01:20:23.217" caom2:metaChecksum="md5:93d938c7b0db80899f71e44292f1808d" caom2:accMetaChecksum="md5:0aaf0d25bfa555b4687ebb7db25b14c4">
              <caom2:name>RawVolt</caom2:name>
              <caom2:productType>auxiliary</caom2:productType>
              <caom2:chunks/>
            </caom2:part>
          </caom2:parts>
        </caom2:artifact>
      </caom2:artifacts>
    </caom2:plane>
  </caom2:planes>
</caom2:Observation>
