<caom2:Observation xmlns:caom2="http://www.opencadc.org/caom2/xml/v2.4" xmlns:xsi="http://www.w3.org/2001/XMLSchema-instance" xsi:type="caom2:SimpleObservation" caom2:id="3299fe1f-2a70-496b-a11f-e1792fbc1970" caom2:lastModified="2021-08-02T03:23:06.121" caom2:maxLastModified="2021-09-13T20:27:52.324" caom2:metaChecksum="md5:219045bd9fb8513045a3d517d3227ea1" caom2:accMetaChecksum="md5:a3b5fec26dbe61fb816f15e1e9198524">
  <caom2:collection>NEOSSAT</caom2:collection>
  <caom2:observationID>2021212015920</caom2:observationID>
  <caom2:metaRelease>2021-07-31T01:59:20.214000</caom2:metaRelease>
  <caom2:algorithm>
    <caom2:name>exposure</caom2:name>
  </caom2:algorithm>
  <caom2:type>dark</caom2:type>
  <caom2:intent>calibration</caom2:intent>
  <caom2:proposal>
    <caom2:id>C3P001</caom2:id>
    <caom2:pi>D.BALAM</caom2:pi>
    <caom2:title>MORPHOLOGY_AND_ASTROMETRY_OF_NEAR-SUN_COMETS_AND_UNUSUAL_ASTEROIDS</caom2:title>
  </caom2:proposal>
  <caom2:target>
    <caom2:name>DARK</caom2:name>
    <caom2:type>field</caom2:type>
    <caom2:moving>false</caom2:moving>
  </caom2:target>
  <caom2:telescope>
    <caom2:name>NEOSSat</caom2:name>
  </caom2:telescope>
  <caom2:instrument>
    <caom2:name>NEOSSat_Science</caom2:name>
    <caom2:keywords>
      <caom2:keyword>21-DESAT</caom2:keyword>
    </caom2:keywords>
  </caom2:instrument>
  <caom2:planes>
    <caom2:plane caom2:id="d4ac8211-658d-4aa0-b5a8-5f40bbcdfd49" caom2:lastModified="2021-08-09T21:44:30.656" caom2:maxLastModified="2021-09-13T20:27:52.324" caom2:metaChecksum="md5:4dfc23945690a9d8a0d6e06edb72796f" caom2:accMetaChecksum="md5:b910bf1cbf62d0491208e1d474d71334">
      <caom2:productID>clean</caom2:productID>
      <caom2:metaRelease>2021-07-31T01:59:20.000</caom2:metaRelease>
      <caom2:dataRelease>2021-07-31T01:59:20.000</caom2:dataRelease>
      <caom2:dataProductType>image</caom2:dataProductType>
      <caom2:calibrationLevel>2</caom2:calibrationLevel>
      <caom2:provenance>
        <caom2:name>JNEOFITS</caom2:name>
        <caom2:version>3.02</caom2:version>
        <caom2:producer>NEOSSat</caom2:producer>
        <caom2:runID>2021-08-02T03:01:14</caom2:runID>
      </caom2:provenance>
      <caom2:artifacts>
        <caom2:artifact caom2:id="c342a2e8-6317-4099-8802-f45ebdc3102a" caom2:lastModified="2021-08-09T21:44:30.656" caom2:maxLastModified="2021-08-16T22:56:15.922" caom2:metaChecksum="md5:724c970ad7e53199118fee3ed439b810" caom2:accMetaChecksum="md5:2fe2a9e1c58fe90a7096031f7a1bdddd">
          <caom2:uri>ad:NEOSS/NEOS_SCI_2021212015920_clean.fits</caom2:uri>
          <caom2:productType>calibration</caom2:productType>
          <caom2:releaseType>data</caom2:releaseType>
          <caom2:contentType>application/fits</caom2:contentType>
          <caom2:contentLength>2430720</caom2:contentLength>
          <caom2:contentChecksum>md5:51cc9935f62260371b2691f4ab961461</caom2:contentChecksum>
          <caom2:parts>
            <caom2:part caom2:id="63e65b58-6bc2-421e-8a8f-39857f1ade0c" caom2:lastModified="2021-08-09T21:44:30.656" caom2:maxLastModified="2021-08-09T21:44:30.656" caom2:metaChecksum="md5:08a26d4faa0da65301862f4419923357" caom2:accMetaChecksum="md5:9653532cc31257d49458f267cafffc16">
              <caom2:name>0</caom2:name>
              <caom2:productType>calibration</caom2:productType>
              <caom2:chunks>
                <caom2:chunk caom2:id="c0cc7bc4-f77a-4a09-8ad9-0aeeedb71a96" caom2:lastModified="2021-08-09T21:44:30.656" caom2:maxLastModified="2021-08-09T21:44:30.656" caom2:metaChecksum="md5:31bf7a60942d0d04ce940089473e30f6" caom2:accMetaChecksum="md5:cb58883c9924531c738638cf6e4827f3">
                  <caom2:productType>calibration</caom2:productType>
                  <caom2:naxis>2</caom2:naxis>
                  <caom2:positionAxis1>1</caom2:positionAxis1>
                  <caom2:positionAxis2>2</caom2:positionAxis2>
                  <caom2:position>
                    <caom2:axis>
                      <caom2:axis1>
                        <caom2:ctype>RA---TAN</caom2:ctype>
                        <caom2:cunit>deg</caom2:cunit>
                      </caom2:axis1>
                      <caom2:axis2>
                        <caom2:ctype>DEC--TAN</caom2:ctype>
                        <caom2:cunit>deg</caom2:cunit>
                      </caom2:axis2>
                      <caom2:function>
                        <caom2:dimension>
                          <caom2:naxis1>1078</caom2:naxis1>
                          <caom2:naxis2>1020</caom2:naxis2>
                        </caom2:dimension>
                        <caom2:refCoord>
                          <caom2:coord1>
                            <caom2:pix>539.0</caom2:pix>
                            <caom2:val>248.85041666666663</caom2:val>
                          </caom2:coord1>
                          <caom2:coord2>
                            <caom2:pix>510.0</caom2:pix>
                            <caom2:val>58.103722222222224</caom2:val>
                          </caom2:coord2>
                        </caom2:refCoord>
                        <caom2:cd11>-0.0007999840533615608</caom2:cd11>
                        <caom2:cd12>-0.00023338800057340556</caom2:cd12>
                        <caom2:cd21>0.00023338800057340556</caom2:cd21>
                        <caom2:cd22>-0.0007999840533615608</caom2:cd22>
                      </caom2:function>
                    </caom2:axis>
                    <caom2:coordsys>FK5</caom2:coordsys>
                    <caom2:equinox>2000.0</caom2:equinox>
                  </caom2:position>
                  <caom2:energy>
                    <caom2:axis>
                      <caom2:axis>
                        <caom2:ctype>WAVE</caom2:ctype>
                        <caom2:cunit>um</caom2:cunit>
                      </caom2:axis>
                      <caom2:range>
                        <caom2:start>
                          <caom2:pix>0.5</caom2:pix>
                          <caom2:val>0.4</caom2:val>
                        </caom2:start>
                        <caom2:end>
                          <caom2:pix>1.5</caom2:pix>
                          <caom2:val>0.9</caom2:val>
                        </caom2:end>
                      </caom2:range>
                    </caom2:axis>
                    <caom2:specsys>TOPOCENT</caom2:specsys>
                    <caom2:ssysobs>TOPOCENT</caom2:ssysobs>
                    <caom2:ssyssrc>TOPOCENT</caom2:ssyssrc>
                    <caom2:bandpassName>CLEAR</caom2:bandpassName>
                    <caom2:resolvingPower>1.2</caom2:resolvingPower>
                  </caom2:energy>
                  <caom2:time>
                    <caom2:axis>
                      <caom2:axis>
                        <caom2:ctype>TIME</caom2:ctype>
                        <caom2:cunit>d</caom2:cunit>
                      </caom2:axis>
                      <caom2:function>
                        <caom2:naxis>1</caom2:naxis>
                        <caom2:delta>0.001389226851851852</caom2:delta>
                        <caom2:refCoord>
                          <caom2:pix>0.5</caom2:pix>
                          <caom2:val>59426.08287284722</caom2:val>
                        </caom2:refCoord>
                      </caom2:function>
                    </caom2:axis>
                    <caom2:timesys>UTC</caom2:timesys>
                    <caom2:exposure>120.0292</caom2:exposure>
                  </caom2:time>
                </caom2:chunk>
              </caom2:chunks>
            </caom2:part>
            <caom2:part caom2:id="22c7533f-67c4-4cfb-be4d-d7ad8de362d3" caom2:lastModified="2021-08-16T22:56:15.922" caom2:maxLastModified="2021-08-16T22:56:15.922" caom2:metaChecksum="md5:70dbd0bea7085c91dfbd90d0f1955042" caom2:accMetaChecksum="md5:7f503c18c2cba3a6a47a02d5db74d424">
              <caom2:name>ACS_History</caom2:name>
              <caom2:productType>auxiliary</caom2:productType>
              <caom2:chunks/>
            </caom2:part>
            <caom2:part caom2:id="dd6625f4-f299-4b50-996d-39ba5a35349e" caom2:lastModified="2021-08-16T22:56:15.922" caom2:maxLastModified="2021-08-16T22:56:15.922" caom2:metaChecksum="md5:aed87e4933d1816598c451fa950b6423" caom2:accMetaChecksum="md5:654622e53b284c034354a9e6c15e214f">
              <caom2:name>CCD_History</caom2:name>
              <caom2:productType>auxiliary</caom2:productType>
              <caom2:chunks/>
            </caom2:part>
            <caom2:part caom2:id="f9584bec-2e4e-4bd8-8fe3-fa9f7496e5bd" caom2:lastModified="2021-08-16T22:56:15.922" caom2:maxLastModified="2021-08-16T22:56:15.922" caom2:metaChecksum="md5:0340dea89d0419607579ffc62d7ef0dc" caom2:accMetaChecksum="md5:d33b58fa4b2719d3e9d375089c5f59c4">
              <caom2:name>Image_RDList</caom2:name>
              <caom2:productType>auxiliary</caom2:productType>
              <caom2:chunks/>
            </caom2:part>
            <caom2:part caom2:id="2ac37eab-e3b1-438f-8483-083a7ac83878" caom2:lastModified="2021-08-16T22:56:15.922" caom2:maxLastModified="2021-08-16T22:56:15.922" caom2:metaChecksum="md5:bec1e7d1c8a422d0b5216478b8d51b0c" caom2:accMetaChecksum="md5:ff6571d626469ae5462ee725b18c3807">
              <caom2:name>RawTlm</caom2:name>
              <caom2:productType>auxiliary</caom2:productType>
              <caom2:chunks/>
            </caom2:part>
            <caom2:part caom2:id="db357465-7fd2-4a84-bd8e-10b133fc35b7" caom2:lastModified="2021-08-16T22:56:15.922" caom2:maxLastModified="2021-08-16T22:56:15.922" caom2:metaChecksum="md5:244d2db1df262bec992e9c1d3b26fbc5" caom2:accMetaChecksum="md5:97ff7a31c72f65c24f4bf6844ec481e6">
              <caom2:name>RawVolt</caom2:name>
              <caom2:productType>auxiliary</caom2:productType>
              <caom2:chunks/>
            </caom2:part>
          </caom2:parts>
        </caom2:artifact>
        <caom2:artifact caom2:id="6b47df78-10fe-4d7d-918b-9324dc22817b" caom2:lastModified="2021-09-13T20:27:52.324" caom2:maxLastModified="2021-09-13T20:27:52.324" caom2:metaChecksum="md5:f6a25449e66b5e6696ca014a5d1e9e52" caom2:accMetaChecksum="md5:8010e85a1f8701b27b7a0b8588a7f2b5">
          <caom2:uri>cadc:NEOSSAT/2021212015920_clean_prev.png</caom2:uri>
          <caom2:productType>preview</caom2:productType>
          <caom2:releaseType>meta</caom2:releaseType>
          <caom2:contentType>image/png</caom2:contentType>
          <caom2:contentLength>1654744</caom2:contentLength>
          <caom2:contentChecksum>md5:b1cf3c31c2da621bb43e3049b8be66b1</caom2:contentChecksum>
          <caom2:parts/>
        </caom2:artifact>
        <caom2:artifact caom2:id="4a0f42ba-1ede-4903-9757-4b69bc80c85f" caom2:lastModified="2021-09-13T20:27:52.324" caom2:maxLastModified="2021-09-13T20:27:52.324" caom2:metaChecksum="md5:abf380d0a59ebba07896396df31b425b" caom2:accMetaChecksum="md5:3962b752e6ead3e3a120c7a4b80733f9">
          <caom2:uri>cadc:NEOSSAT/2021212015920_clean_prev_256.png</caom2:uri>
          <caom2:productType>thumbnail</caom2:productType>
          <caom2:releaseType>meta</caom2:releaseType>
          <caom2:contentType>image/png</caom2:contentType>
          <caom2:contentLength>75333</caom2:contentLength>
          <caom2:contentChecksum>md5:c1f8d2cd55c57840a5c45f6ecd7f85ac</caom2:contentChecksum>
          <caom2:parts/>
        </caom2:artifact>
        <caom2:artifact caom2:id="bb1b1b80-5e72-42b1-91f2-ff3ee168fe19" caom2:lastModified="2021-08-09T09:01:28.057" caom2:maxLastModified="2021-09-13T20:27:45.035" caom2:metaChecksum="md5:b9e09a23dfa327575819a16e3378104f" caom2:accMetaChecksum="md5:1044ff70b92f3444221df3218502f611">
          <caom2:uri>cadc:NEOSSAT/NEOS_SCI_2021212015920_clean.fits</caom2:uri>
          <caom2:productType>calibration</caom2:productType>
          <caom2:releaseType>data</caom2:releaseType>
          <caom2:contentType>application/fits</caom2:contentType>
          <caom2:contentLength>2430720</caom2:contentLength>
          <caom2:contentChecksum>md5:51cc9935f62260371b2691f4ab961461</caom2:contentChecksum>
          <caom2:parts>
            <caom2:part caom2:id="605ab1b6-129a-43ee-bf5e-b7bbba41fd0b" caom2:lastModified="2021-08-02T03:24:08.355" caom2:maxLastModified="2021-08-02T03:24:08.355" caom2:metaChecksum="md5:5ee7f8be01204f7fd07edd0e35c018c3" caom2:accMetaChecksum="md5:84b6e863eb6ed1e5d700b1ee8eaf50e7">
              <caom2:name>0</caom2:name>
              <caom2:productType>calibration</caom2:productType>
              <caom2:chunks>
                <caom2:chunk caom2:id="892bd22f-12a5-4174-96d9-0239eac0bf8e" caom2:lastModified="2021-08-02T03:24:08.355" caom2:maxLastModified="2021-08-02T03:24:08.355" caom2:metaChecksum="md5:afef244b5b7688c1fe9e376f5e8b0fed" caom2:accMetaChecksum="md5:2ea578b24581a0ba8ac1fad2b8f0a74b">
                  <caom2:productType>calibration</caom2:productType>
                  <caom2:naxis>2</caom2:naxis>
                  <caom2:positionAxis1>1</caom2:positionAxis1>
                  <caom2:positionAxis2>2</caom2:positionAxis2>
                  <caom2:position>
                    <caom2:axis>
                      <caom2:axis1>
                        <caom2:ctype>RA---TAN</caom2:ctype>
                        <caom2:cunit>deg</caom2:cunit>
                      </caom2:axis1>
                      <caom2:axis2>
                        <caom2:ctype>DEC--TAN</caom2:ctype>
                        <caom2:cunit>deg</caom2:cunit>
                      </caom2:axis2>
                      <caom2:function>
                        <caom2:dimension>
                          <caom2:naxis1>1078</caom2:naxis1>
                          <caom2:naxis2>1020</caom2:naxis2>
                        </caom2:dimension>
                        <caom2:refCoord>
                          <caom2:coord1>
                            <caom2:pix>539.0</caom2:pix>
                            <caom2:val>248.85041666666663</caom2:val>
                          </caom2:coord1>
                          <caom2:coord2>
                            <caom2:pix>510.0</caom2:pix>
                            <caom2:val>58.103722222222224</caom2:val>
                          </caom2:coord2>
                        </caom2:refCoord>
                        <caom2:cd11>-0.0007999840533615608</caom2:cd11>
                        <caom2:cd12>-0.00023338800057340556</caom2:cd12>
                        <caom2:cd21>0.00023338800057340556</caom2:cd21>
                        <caom2:cd22>-0.0007999840533615608</caom2:cd22>
                      </caom2:function>
                    </caom2:axis>
                    <caom2:coordsys>FK5</caom2:coordsys>
                    <caom2:equinox>2000.0</caom2:equinox>
                  </caom2:position>
                  <caom2:energy>
                    <caom2:axis>
                      <caom2:axis>
                        <caom2:ctype>WAVE</caom2:ctype>
                        <caom2:cunit>um</caom2:cunit>
                      </caom2:axis>
                      <caom2:range>
                        <caom2:start>
                          <caom2:pix>0.5</caom2:pix>
                          <caom2:val>0.4</caom2:val>
                        </caom2:start>
                        <caom2:end>
                          <caom2:pix>1.5</caom2:pix>
                          <caom2:val>0.9</caom2:val>
                        </caom2:end>
                      </caom2:range>
                    </caom2:axis>
                    <caom2:specsys>TOPOCENT</caom2:specsys>
                    <caom2:ssysobs>TOPOCENT</caom2:ssysobs>
                    <caom2:ssyssrc>TOPOCENT</caom2:ssyssrc>
                    <caom2:bandpassName>CLEAR</caom2:bandpassName>
                    <caom2:resolvingPower>1.2</caom2:resolvingPower>
                  </caom2:energy>
                  <caom2:time>
                    <caom2:axis>
                      <caom2:axis>
                        <caom2:ctype>TIME</caom2:ctype>
                        <caom2:cunit>d</caom2:cunit>
                      </caom2:axis>
                      <caom2:function>
                        <caom2:naxis>1</caom2:naxis>
                        <caom2:delta>0.001389226851851852</caom2:delta>
                        <caom2:refCoord>
                          <caom2:pix>0.5</caom2:pix>
                          <caom2:val>59426.08287284722</caom2:val>
                        </caom2:refCoord>
                      </caom2:function>
                    </caom2:axis>
                    <caom2:timesys>UTC</caom2:timesys>
                    <caom2:exposure>120.0292</caom2:exposure>
                  </caom2:time>
                </caom2:chunk>
              </caom2:chunks>
            </caom2:part>
            <caom2:part caom2:id="c7a2270b-dbc9-464e-9fe3-9c60da24b820" caom2:lastModified="2021-09-13T20:27:45.035" caom2:maxLastModified="2021-09-13T20:27:45.035" caom2:metaChecksum="md5:0dd62c6fcbd8b0f39136b4d8e679621b" caom2:accMetaChecksum="md5:bd3dfd35d160ee1f238f361cf4c1e9a6">
              <caom2:name>ACS_History</caom2:name>
              <caom2:productType>auxiliary</caom2:productType>
              <caom2:chunks/>
            </caom2:part>
            <caom2:part caom2:id="dab934b6-f904-450b-803f-0eafe81f1611" caom2:lastModified="2021-09-13T20:27:45.035" caom2:maxLastModified="2021-09-13T20:27:45.035" caom2:metaChecksum="md5:785c5027d8473a10f16cacbcf08835a5" caom2:accMetaChecksum="md5:c2f085ab93b6bd265099026967072182">
              <caom2:name>CCD_History</caom2:name>
              <caom2:productType>auxiliary</caom2:productType>
              <caom2:chunks/>
            </caom2:part>
            <caom2:part caom2:id="ffe2f9e5-d5ba-49bc-8fd3-caa653d1ae53" caom2:lastModified="2021-09-13T20:27:45.035" caom2:maxLastModified="2021-09-13T20:27:45.035" caom2:metaChecksum="md5:7f7aebbe7faa14cc383e82e34b72a647" caom2:accMetaChecksum="md5:766044db62ab042dbca620297dbd50bb">
              <caom2:name>Image_RDList</caom2:name>
              <caom2:productType>auxiliary</caom2:productType>
              <caom2:chunks/>
            </caom2:part>
            <caom2:part caom2:id="c65284c4-165f-4179-8ab8-6e23d718800b" caom2:lastModified="2021-09-13T20:27:45.035" caom2:maxLastModified="2021-09-13T20:27:45.035" caom2:metaChecksum="md5:92f45c07b5905dbafdc73145e08efd90" caom2:accMetaChecksum="md5:18207ff8f71f77464a89cbe4f4ea0a63">
              <caom2:name>RawTlm</caom2:name>
              <caom2:productType>auxiliary</caom2:productType>
              <caom2:chunks/>
            </caom2:part>
            <caom2:part caom2:id="5604413f-a64d-4f49-87c4-bb4fdd8281eb" caom2:lastModified="2021-09-13T20:27:45.035" caom2:maxLastModified="2021-09-13T20:27:45.035" caom2:metaChecksum="md5:1ce2d8761b2a735597ce1fd01865f80a" caom2:accMetaChecksum="md5:50da54dee6f7f02e3608e4b47cdd5685">
              <caom2:name>RawVolt</caom2:name>
              <caom2:productType>auxiliary</caom2:productType>
              <caom2:chunks/>
            </caom2:part>
          </caom2:parts>
        </caom2:artifact>
      </caom2:artifacts>
    </caom2:plane>
    <caom2:plane caom2:id="7fb938b7-cacd-4594-b2a9-e2f27bf8c711" caom2:lastModified="2021-08-09T21:43:27.899" caom2:maxLastModified="2021-08-16T22:55:17.800" caom2:metaChecksum="md5:63c9ae18a747235833a92bfd88b46546" caom2:accMetaChecksum="md5:4876a2ca22d7ad7410093271d409cbc2">
      <caom2:productID>raw</caom2:productID>
      <caom2:metaRelease>2021-07-31T01:59:20.214000</caom2:metaRelease>
      <caom2:dataRelease>2021-07-31T01:59:20.214000</caom2:dataRelease>
      <caom2:dataProductType>image</caom2:dataProductType>
      <caom2:calibrationLevel>1</caom2:calibrationLevel>
      <caom2:provenance>
        <caom2:name>JNEOFITS</caom2:name>
        <caom2:version>3.02</caom2:version>
        <caom2:producer>NEOSSat</caom2:producer>
        <caom2:runID>2021-08-02T03:01:14</caom2:runID>
      </caom2:provenance>
      <caom2:artifacts>
        <caom2:artifact caom2:id="50d7d36f-e565-46b4-ae3f-6d818eb1eea2" caom2:lastModified="2021-08-09T09:01:28.057" caom2:maxLastModified="2021-08-09T09:01:28.057" caom2:metaChecksum="md5:dad4efaa1041b4ecea1365da3381f983" caom2:accMetaChecksum="md5:d1f1418e7c7fa1d8bb428d5713190d57">
          <caom2:uri>cadc:NEOSSAT/2021212015920_raw_prev.png</caom2:uri>
          <caom2:productType>preview</caom2:productType>
          <caom2:releaseType>meta</caom2:releaseType>
          <caom2:contentType>image/png</caom2:contentType>
          <caom2:contentLength>1654272</caom2:contentLength>
          <caom2:contentChecksum>md5:3fbc48d63f9cbdcaeadf1e66afda5adc</caom2:contentChecksum>
          <caom2:parts/>
        </caom2:artifact>
        <caom2:artifact caom2:id="a73b5941-66a9-45a2-8104-b68736dd28d4" caom2:lastModified="2021-08-09T09:01:28.057" caom2:maxLastModified="2021-08-09T09:01:28.057" caom2:metaChecksum="md5:4cb6294b99cc89b11b966abb872d9ed1" caom2:accMetaChecksum="md5:6dfb2478709d78ed167b2207580b0bae">
          <caom2:uri>cadc:NEOSSAT/2021212015920_raw_prev_256.png</caom2:uri>
          <caom2:productType>thumbnail</caom2:productType>
          <caom2:releaseType>meta</caom2:releaseType>
          <caom2:contentType>image/png</caom2:contentType>
          <caom2:contentLength>75054</caom2:contentLength>
          <caom2:contentChecksum>md5:5fa7f79bf36551f2dd0075e1a176c88c</caom2:contentChecksum>
          <caom2:parts/>
        </caom2:artifact>
        <caom2:artifact caom2:id="11429c50-2732-43cb-93e8-021224ed2740" caom2:lastModified="2021-08-09T09:01:28.057" caom2:maxLastModified="2021-08-09T09:01:28.057" caom2:metaChecksum="md5:0a7b47c9a4980057316e914156a17f02" caom2:accMetaChecksum="md5:64d7f672dca5a48bc1a25daab3b0e19e">
          <caom2:uri>cadc:NEOSSAT/NEOS_SCI_2021212015920.fits</caom2:uri>
          <caom2:productType>calibration</caom2:productType>
          <caom2:releaseType>data</caom2:releaseType>
          <caom2:contentType>application/fits</caom2:contentType>
          <caom2:contentChecksum>md5:a0c51b0776f80f135dd85adf5e897689</caom2:contentChecksum>
          <caom2:parts>
            <caom2:part caom2:id="33138d5c-f0f1-4919-a6de-2d7d0278c95c" caom2:lastModified="2021-08-02T03:23:06.121" caom2:maxLastModified="2021-08-02T03:23:06.121" caom2:metaChecksum="md5:5d6994918d65e0fce5d46391a184d6bc" caom2:accMetaChecksum="md5:d5ec20166c11ccd7865db750a993c164">
              <caom2:name>0</caom2:name>
              <caom2:productType>calibration</caom2:productType>
              <caom2:chunks>
                <caom2:chunk caom2:id="c97663d9-a9f2-413f-bfcb-1431755fbed9" caom2:lastModified="2021-08-02T03:23:06.121" caom2:maxLastModified="2021-08-02T03:23:06.121" caom2:metaChecksum="md5:5daeeb4eabc310b08fcb0ae0e29341bd" caom2:accMetaChecksum="md5:7067eb4c089fcde955410d5d91959fe9">
                  <caom2:productType>calibration</caom2:productType>
                  <caom2:naxis>2</caom2:naxis>
                  <caom2:positionAxis1>1</caom2:positionAxis1>
                  <caom2:positionAxis2>2</caom2:positionAxis2>
                  <caom2:position>
                    <caom2:axis>
                      <caom2:axis1>
                        <caom2:ctype>RA---TAN</caom2:ctype>
                        <caom2:cunit>deg</caom2:cunit>
                      </caom2:axis1>
                      <caom2:axis2>
                        <caom2:ctype>DEC--TAN</caom2:ctype>
                        <caom2:cunit>deg</caom2:cunit>
                      </caom2:axis2>
                      <caom2:function>
                        <caom2:dimension>
                          <caom2:naxis1>1078</caom2:naxis1>
                          <caom2:naxis2>1020</caom2:naxis2>
                        </caom2:dimension>
                        <caom2:refCoord>
                          <caom2:coord1>
                            <caom2:pix>539.0</caom2:pix>
                            <caom2:val>248.85041666666663</caom2:val>
                          </caom2:coord1>
                          <caom2:coord2>
                            <caom2:pix>510.0</caom2:pix>
                            <caom2:val>58.103722222222224</caom2:val>
                          </caom2:coord2>
                        </caom2:refCoord>
                        <caom2:cd11>-0.0007999840533615608</caom2:cd11>
                        <caom2:cd12>-0.00023338800057340556</caom2:cd12>
                        <caom2:cd21>0.00023338800057340556</caom2:cd21>
                        <caom2:cd22>-0.0007999840533615608</caom2:cd22>
                      </caom2:function>
                    </caom2:axis>
                    <caom2:coordsys>FK5</caom2:coordsys>
                    <caom2:equinox>2000.0</caom2:equinox>
                  </caom2:position>
                  <caom2:energy>
                    <caom2:axis>
                      <caom2:axis>
                        <caom2:ctype>WAVE</caom2:ctype>
                        <caom2:cunit>um</caom2:cunit>
                      </caom2:axis>
                      <caom2:range>
                        <caom2:start>
                          <caom2:pix>0.5</caom2:pix>
                          <caom2:val>0.4</caom2:val>
                        </caom2:start>
                        <caom2:end>
                          <caom2:pix>1.5</caom2:pix>
                          <caom2:val>0.9</caom2:val>
                        </caom2:end>
                      </caom2:range>
                    </caom2:axis>
                    <caom2:specsys>TOPOCENT</caom2:specsys>
                    <caom2:ssysobs>TOPOCENT</caom2:ssysobs>
                    <caom2:ssyssrc>TOPOCENT</caom2:ssyssrc>
                    <caom2:bandpassName>CLEAR</caom2:bandpassName>
                    <caom2:resolvingPower>1.2</caom2:resolvingPower>
                  </caom2:energy>
                  <caom2:time>
                    <caom2:axis>
                      <caom2:axis>
                        <caom2:ctype>TIME</caom2:ctype>
                        <caom2:cunit>d</caom2:cunit>
                      </caom2:axis>
                      <caom2:function>
                        <caom2:naxis>1</caom2:naxis>
                        <caom2:delta>0.001389226851851852</caom2:delta>
                        <caom2:refCoord>
                          <caom2:pix>0.5</caom2:pix>
                          <caom2:val>59426.08287284722</caom2:val>
                        </caom2:refCoord>
                      </caom2:function>
                    </caom2:axis>
                    <caom2:timesys>UTC</caom2:timesys>
                    <caom2:exposure>120.0292</caom2:exposure>
                  </caom2:time>
                </caom2:chunk>
              </caom2:chunks>
            </caom2:part>
            <caom2:part caom2:id="a666da32-a0b9-462c-a19c-583a173ac178" caom2:lastModified="2021-08-02T03:23:06.121" caom2:maxLastModified="2021-08-02T03:23:06.121" caom2:metaChecksum="md5:3a6fc742c635f451efe56489dc513fd4" caom2:accMetaChecksum="md5:e19f35a18a105878e86bcb4343a58598">
              <caom2:name>ACS_History</caom2:name>
              <caom2:productType>auxiliary</caom2:productType>
              <caom2:chunks/>
            </caom2:part>
            <caom2:part caom2:id="09639301-4ac8-4d83-94da-b9a98afbc05d" caom2:lastModified="2021-08-02T03:23:06.121" caom2:maxLastModified="2021-08-02T03:23:06.121" caom2:metaChecksum="md5:149998c2028df6f7b62484807ed63fd8" caom2:accMetaChecksum="md5:b4ecc93a4afb722723854c258f10027a">
              <caom2:name>CCD_History</caom2:name>
              <caom2:productType>auxiliary</caom2:productType>
              <caom2:chunks/>
            </caom2:part>
            <caom2:part caom2:id="231dfe1e-eead-4628-83d5-970efe9a4e3a" caom2:lastModified="2021-08-02T03:23:06.121" caom2:maxLastModified="2021-08-02T03:23:06.121" caom2:metaChecksum="md5:200a25e6a765997d0223c7baf9b75619" caom2:accMetaChecksum="md5:791efcc5ba9d6ad1e35feb33425f40aa">
              <caom2:name>Image_RDList</caom2:name>
              <caom2:productType>auxiliary</caom2:productType>
              <caom2:chunks/>
            </caom2:part>
            <caom2:part caom2:id="d442cb2d-df27-4e38-b4dc-4c30b1f962f0" caom2:lastModified="2021-08-02T03:23:06.121" caom2:maxLastModified="2021-08-02T03:23:06.121" caom2:metaChecksum="md5:a06cc8c98ef740ed9625a965e03218cf" caom2:accMetaChecksum="md5:939f9863e6d20c8de38372f19f14a44b">
              <caom2:name>RawTlm</caom2:name>
              <caom2:productType>auxiliary</caom2:productType>
              <caom2:chunks/>
            </caom2:part>
            <caom2:part caom2:id="a77790a2-6632-44c6-a689-88d673d5dd0a" caom2:lastModified="2021-08-02T03:23:06.121" caom2:maxLastModified="2021-08-02T03:23:06.121" caom2:metaChecksum="md5:24b563afe9693c23dd5cb9aa52909011" caom2:accMetaChecksum="md5:7ac3c8f73c3f5892c04ae431759f56b8">
              <caom2:name>RawVolt</caom2:name>
              <caom2:productType>auxiliary</caom2:productType>
              <caom2:chunks/>
            </caom2:part>
          </caom2:parts>
        </caom2:artifact>
      </caom2:artifacts>
    </caom2:plane>
  </caom2:planes>
</caom2:Observation>
