<?xml version='1.0' encoding='UTF-8'?>
<caom2:Observation xmlns:caom2="http://www.opencadc.org/caom2/xml/v2.4" xmlns:xsi="http://www.w3.org/2001/XMLSchema-instance" xsi:type="caom2:SimpleObservation" caom2:id="cb9af0c6-cbed-4258-ba4d-bcdc8747df4e" caom2:metaProducer="neossat2caom2/0.5.1">
  <caom2:collection>NEOSSAT</caom2:collection>
  <caom2:observationID>2022255054715</caom2:observationID>
  <caom2:metaRelease>2022-09-12T05:47:15.055</caom2:metaRelease>
  <caom2:algorithm>
    <caom2:name>exposure</caom2:name>
  </caom2:algorithm>
  <caom2:type>object</caom2:type>
  <caom2:intent>calibration</caom2:intent>
  <caom2:proposal>
    <caom2:id>C4P001</caom2:id>
    <caom2:pi>D.BALAM</caom2:pi>
    <caom2:title>MORPHOLOGY_AND_ASTROMETRY_OF_NEAR-SUN_COMETS_AND_UNUSUAL_ASTEROIDS</caom2:title>
  </caom2:proposal>
  <caom2:target>
    <caom2:name>2017-K2</caom2:name>
    <caom2:type>object</caom2:type>
    <caom2:moving>false</caom2:moving>
  </caom2:target>
  <caom2:telescope>
    <caom2:name>NEOSSat</caom2:name>
  </caom2:telescope>
  <caom2:instrument>
    <caom2:name>NEOSSat_Science</caom2:name>
    <caom2:keywords>
      <caom2:keyword>06-ST_ACQUIRE</caom2:keyword>
    </caom2:keywords>
  </caom2:instrument>
  <caom2:planes>
    <caom2:plane caom2:id="2e726810-e225-43d2-a168-fd3496271a24" caom2:metaProducer="neossat2caom2/0.5.1">
      <caom2:productID>cor</caom2:productID>
      <caom2:metaRelease>2022-09-12T05:47:15.055</caom2:metaRelease>
      <caom2:dataRelease>2022-09-12T05:47:15.055</caom2:dataRelease>
      <caom2:dataProductType>image</caom2:dataProductType>
      <caom2:calibrationLevel>2</caom2:calibrationLevel>
      <caom2:provenance>
        <caom2:name>JNEOFITS, n1clean.py</caom2:name>
        <caom2:version>4.00</caom2:version>
        <caom2:producer>NEOSSat</caom2:producer>
        <caom2:runID>2023-02-23T19:03:09</caom2:runID>
      </caom2:provenance>
      <caom2:artifacts>
        <caom2:artifact caom2:id="b96b7e82-b549-4d6a-ad0c-335d136958ee" caom2:metaProducer="neossat2caom2/0.5.1">
          <caom2:uri>cadc:NEOSSAT/NEOS_SCI_2022255054715_cor.fits</caom2:uri>
          <caom2:productType>calibration</caom2:productType>
          <caom2:releaseType>data</caom2:releaseType>
          <caom2:contentType>application/fits</caom2:contentType>
          <caom2:contentChecksum>md5:4959883efefc989842c71e00aa08940a</caom2:contentChecksum>
          <caom2:parts>
            <caom2:part caom2:id="c682f066-7529-4a78-8c74-f4b2f47b26ff">
              <caom2:name>0</caom2:name>
              <caom2:productType>calibration</caom2:productType>
              <caom2:chunks>
                <caom2:chunk caom2:id="9cfd351a-9a25-43ed-bb33-9a4c62c24e8b" caom2:metaProducer="neossat2caom2/0.5.1">
                  <caom2:productType>calibration</caom2:productType>
                  <caom2:naxis>2</caom2:naxis>
                  <caom2:positionAxis1>1</caom2:positionAxis1>
                  <caom2:positionAxis2>2</caom2:positionAxis2>
                  <caom2:position>
                    <caom2:axis>
                      <caom2:axis1>
                        <caom2:ctype>RA---TAN</caom2:ctype>
                        <caom2:cunit>deg</caom2:cunit>
                      </caom2:axis1>
                      <caom2:axis2>
                        <caom2:ctype>DEC--TAN</caom2:ctype>
                        <caom2:cunit>deg</caom2:cunit>
                      </caom2:axis2>
                      <caom2:function>
                        <caom2:dimension>
                          <caom2:naxis1>1024</caom2:naxis1>
                          <caom2:naxis2>1020</caom2:naxis2>
                        </caom2:dimension>
                        <caom2:refCoord>
                          <caom2:coord1>
                            <caom2:pix>512.0</caom2:pix>
                            <caom2:val>238.8320833333333</caom2:val>
                          </caom2:coord1>
                          <caom2:coord2>
                            <caom2:pix>510.0</caom2:pix>
                            <caom2:val>-26.94725</caom2:val>
                          </caom2:coord2>
                        </caom2:refCoord>
                        <caom2:cd11>-0.0007875195613805775</caom2:cd11>
                        <caom2:cd12>0.0002725020823542223</caom2:cd12>
                        <caom2:cd21>-0.0002725020823542223</caom2:cd21>
                        <caom2:cd22>-0.0007875195613805775</caom2:cd22>
                      </caom2:function>
                    </caom2:axis>
                    <caom2:coordsys>FK5</caom2:coordsys>
                    <caom2:equinox>2000.0</caom2:equinox>
                  </caom2:position>
                  <caom2:energy>
                    <caom2:axis>
                      <caom2:axis>
                        <caom2:ctype>WAVE</caom2:ctype>
                        <caom2:cunit>um</caom2:cunit>
                      </caom2:axis>
                      <caom2:range>
                        <caom2:start>
                          <caom2:pix>0.5</caom2:pix>
                          <caom2:val>0.4</caom2:val>
                        </caom2:start>
                        <caom2:end>
                          <caom2:pix>1.5</caom2:pix>
                          <caom2:val>0.9</caom2:val>
                        </caom2:end>
                      </caom2:range>
                    </caom2:axis>
                    <caom2:specsys>TOPOCENT</caom2:specsys>
                    <caom2:ssysobs>TOPOCENT</caom2:ssysobs>
                    <caom2:ssyssrc>TOPOCENT</caom2:ssyssrc>
                    <caom2:bandpassName>CLEAR</caom2:bandpassName>
                    <caom2:resolvingPower>1.2</caom2:resolvingPower>
                  </caom2:energy>
                  <caom2:time>
                    <caom2:axis>
                      <caom2:axis>
                        <caom2:ctype>TIME</caom2:ctype>
                        <caom2:cunit>d</caom2:cunit>
                      </caom2:axis>
                      <caom2:function>
                        <caom2:naxis>1</caom2:naxis>
                        <caom2:delta>0.001389225694444444</caom2:delta>
                        <caom2:refCoord>
                          <caom2:pix>0.5</caom2:pix>
                          <caom2:val>59834.24114646991</caom2:val>
                        </caom2:refCoord>
                      </caom2:function>
                    </caom2:axis>
                    <caom2:timesys>UTC</caom2:timesys>
                    <caom2:exposure>120.0291</caom2:exposure>
                  </caom2:time>
                </caom2:chunk>
              </caom2:chunks>
            </caom2:part>
          </caom2:parts>
        </caom2:artifact>
      </caom2:artifacts>
    </caom2:plane>
    <caom2:plane caom2:id="1f846cbc-69a9-40e9-bfea-aedfb64afcce" caom2:metaProducer="neossat2caom2/0.5.1">
      <caom2:productID>cord</caom2:productID>
      <caom2:metaRelease>2022-09-12T05:47:15.055</caom2:metaRelease>
      <caom2:dataRelease>2022-09-12T05:47:15.055</caom2:dataRelease>
      <caom2:dataProductType>image</caom2:dataProductType>
      <caom2:calibrationLevel>2</caom2:calibrationLevel>
      <caom2:provenance>
        <caom2:name>JNEOFITS, n1clean.py</caom2:name>
        <caom2:version>4.00</caom2:version>
        <caom2:producer>NEOSSat</caom2:producer>
        <caom2:runID>2023-02-23T19:29:50</caom2:runID>
      </caom2:provenance>
      <caom2:artifacts>
        <caom2:artifact caom2:id="51451c97-e3a2-4b06-8ecc-93def4128ff2" caom2:metaProducer="neossat2caom2/0.5.1">
          <caom2:uri>cadc:NEOSSAT/NEOS_SCI_2022255054715_cord.fits</caom2:uri>
          <caom2:productType>calibration</caom2:productType>
          <caom2:releaseType>data</caom2:releaseType>
          <caom2:contentType>application/fits</caom2:contentType>
          <caom2:contentChecksum>md5:e8a9c2af26cc4b0652fd438d4efd772f</caom2:contentChecksum>
          <caom2:parts>
            <caom2:part caom2:id="66743298-f723-45cf-9735-9d318d355dc9">
              <caom2:name>0</caom2:name>
              <caom2:productType>calibration</caom2:productType>
              <caom2:chunks>
                <caom2:chunk caom2:id="d23b41b9-9722-4323-b374-a284dd42fdbe" caom2:metaProducer="neossat2caom2/0.5.1">
                  <caom2:productType>calibration</caom2:productType>
                  <caom2:naxis>2</caom2:naxis>
                  <caom2:positionAxis1>1</caom2:positionAxis1>
                  <caom2:positionAxis2>2</caom2:positionAxis2>
                  <caom2:position>
                    <caom2:axis>
                      <caom2:axis1>
                        <caom2:ctype>RA---TAN</caom2:ctype>
                        <caom2:cunit>deg</caom2:cunit>
                      </caom2:axis1>
                      <caom2:axis2>
                        <caom2:ctype>DEC--TAN</caom2:ctype>
                        <caom2:cunit>deg</caom2:cunit>
                      </caom2:axis2>
                      <caom2:function>
                        <caom2:dimension>
                          <caom2:naxis1>1024</caom2:naxis1>
                          <caom2:naxis2>1020</caom2:naxis2>
                        </caom2:dimension>
                        <caom2:refCoord>
                          <caom2:coord1>
                            <caom2:pix>512.0</caom2:pix>
                            <caom2:val>238.8320833333333</caom2:val>
                          </caom2:coord1>
                          <caom2:coord2>
                            <caom2:pix>510.0</caom2:pix>
                            <caom2:val>-26.94725</caom2:val>
                          </caom2:coord2>
                        </caom2:refCoord>
                        <caom2:cd11>-0.0007875195613805775</caom2:cd11>
                        <caom2:cd12>0.0002725020823542223</caom2:cd12>
                        <caom2:cd21>-0.0002725020823542223</caom2:cd21>
                        <caom2:cd22>-0.0007875195613805775</caom2:cd22>
                      </caom2:function>
                    </caom2:axis>
                    <caom2:coordsys>FK5</caom2:coordsys>
                    <caom2:equinox>2000.0</caom2:equinox>
                  </caom2:position>
                  <caom2:energy>
                    <caom2:axis>
                      <caom2:axis>
                        <caom2:ctype>WAVE</caom2:ctype>
                        <caom2:cunit>um</caom2:cunit>
                      </caom2:axis>
                      <caom2:range>
                        <caom2:start>
                          <caom2:pix>0.5</caom2:pix>
                          <caom2:val>0.4</caom2:val>
                        </caom2:start>
                        <caom2:end>
                          <caom2:pix>1.5</caom2:pix>
                          <caom2:val>0.9</caom2:val>
                        </caom2:end>
                      </caom2:range>
                    </caom2:axis>
                    <caom2:specsys>TOPOCENT</caom2:specsys>
                    <caom2:ssysobs>TOPOCENT</caom2:ssysobs>
                    <caom2:ssyssrc>TOPOCENT</caom2:ssyssrc>
                    <caom2:bandpassName>CLEAR</caom2:bandpassName>
                    <caom2:resolvingPower>1.2</caom2:resolvingPower>
                  </caom2:energy>
                  <caom2:time>
                    <caom2:axis>
                      <caom2:axis>
                        <caom2:ctype>TIME</caom2:ctype>
                        <caom2:cunit>d</caom2:cunit>
                      </caom2:axis>
                      <caom2:function>
                        <caom2:naxis>1</caom2:naxis>
                        <caom2:delta>0.001389225694444444</caom2:delta>
                        <caom2:refCoord>
                          <caom2:pix>0.5</caom2:pix>
                          <caom2:val>59834.24114646991</caom2:val>
                        </caom2:refCoord>
                      </caom2:function>
                    </caom2:axis>
                    <caom2:timesys>UTC</caom2:timesys>
                    <caom2:exposure>120.0291</caom2:exposure>
                  </caom2:time>
                </caom2:chunk>
              </caom2:chunks>
            </caom2:part>
          </caom2:parts>
        </caom2:artifact>
      </caom2:artifacts>
    </caom2:plane>
  </caom2:planes>
</caom2:Observation>
